2025-12-29 13:08:22,809 - INFO - Begin data processing...
2025-12-29 13:08:22,809 - INFO - Data processing started...
2025-12-29 13:08:22,809 - INFO - Loading dataset...
2025-12-29 13:08:23,095 - INFO - Normalizing data...
2025-12-29 13:08:23,257 - INFO - Splitting data...
2025-12-29 13:08:23,339 - INFO - Scaling data...
2025-12-29 13:08:23,966 - INFO - Completing data processing...
2025-12-29 13:08:23,966 - INFO - Begin model building...
2025-12-29 13:08:23,966 - INFO - Model building started...
2025-12-29 13:08:23,966 - INFO - Loading processed data...
2025-12-29 13:08:23,966 - INFO - Building SVM model...
2025-12-29 13:18:02,986 - INFO - Building RF model..
2025-12-29 13:19:15,211 - INFO - Building KS model...
2025-12-29 13:19:15,831 - INFO - Compiling KS model...
2025-12-29 13:20:03,635 - INFO - Predicting models with test values...
2025-12-29 13:20:55,809 - INFO - Completing model building...
2025-12-29 13:20:55,809 - INFO - Begin model evaluation...
2025-12-29 13:20:55,809 - INFO - Model evaluation started...
2025-12-29 13:20:55,809 - INFO - Evaluating models accuracy...
2025-12-29 13:20:55,815 - INFO - Evaluating classification report...
2025-12-29 13:20:55,938 - INFO - Preparing accuracy summary...
2025-12-29 13:20:55,939 - INFO - Completing model evaluation...
2025-12-29 13:20:55,939 - INFO - Begin output generation...
2025-12-29 13:20:55,939 - INFO - Output generation started...
2025-12-29 13:21:31,571 - INFO - Completing output generation...
2025-12-29 13:21:31,571 - INFO - Begin web UI building...
2025-12-29 13:21:31,571 - INFO - Web UI building started...
2025-12-29 13:21:31,571 - INFO - Building sample digits interface...
2025-12-29 13:21:36,599 - INFO - Building data disttribution interface...
2025-12-29 13:21:41,245 - INFO - Building data correlation interface...
2025-12-29 13:21:46,268 - INFO - Building models comparison interface...
2025-12-29 13:21:50,797 - INFO - Building model prediction interface...
2025-12-29 13:27:23,769 - INFO - Begin data processing...
2025-12-29 13:27:23,771 - INFO - Data processing started...
2025-12-29 13:27:23,772 - INFO - Loading dataset...
2025-12-29 13:27:24,004 - INFO - Normalizing data...
2025-12-29 13:27:24,129 - INFO - Splitting data...
2025-12-29 13:27:24,203 - INFO - Scaling data...
2025-12-29 13:27:24,742 - INFO - Completing data processing...
2025-12-29 13:27:24,744 - INFO - Begin model building...
2025-12-29 13:27:24,745 - INFO - Model building started...
2025-12-29 13:27:24,745 - INFO - Loading processed data...
2025-12-29 13:27:24,746 - INFO - Building SVM model...
2025-12-29 13:32:49,904 - INFO - Building RF model..
2025-12-29 13:33:15,372 - INFO - Building KS model...
2025-12-29 13:33:15,422 - INFO - Compiling KS model...
2025-12-29 13:33:35,194 - INFO - Predicting models with test values...
2025-12-29 13:33:51,857 - INFO - Completing model building...
2025-12-29 13:33:51,862 - INFO - Begin model evaluation...
2025-12-29 13:33:51,868 - INFO - Model evaluation started...
2025-12-29 13:33:51,873 - INFO - Evaluating models accuracy...
2025-12-29 13:33:51,878 - INFO - Evaluating classification report...
2025-12-29 13:33:51,940 - INFO - Preparing accuracy summary...
2025-12-29 13:33:51,943 - INFO - Completing model evaluation...
2025-12-29 13:33:51,947 - INFO - Begin output generation...
2025-12-29 13:33:51,949 - INFO - Output generation started...
2025-12-29 13:34:10,584 - INFO - Completing output generation...
2025-12-29 13:34:10,589 - INFO - Begin web UI building...
2025-12-29 13:34:10,596 - INFO - Web UI building started...
2025-12-29 13:34:10,601 - INFO - Building sample digits interface...
2025-12-29 13:34:15,638 - INFO - Building data disttribution interface...
2025-12-29 13:34:20,762 - INFO - Building data correlation interface...
2025-12-29 13:34:25,773 - INFO - Building models comparison interface...
2025-12-29 13:34:30,685 - INFO - Building model prediction interface...
